\BOOKMARK [1][-]{section.1}{\376\377\000\277\000Q\000u\000\351\000\040\000e\000s\000\040\000T\000h\000e\000\040\000O\000p\000e\000n\000R\000O\000A\000D\000\040\000P\000r\000o\000j\000e\000c\000t\000?}{}% 1
\BOOKMARK [2][-]{subsection.1.1}{\376\377\000\277\000C\000u\000\341\000l\000\040\000e\000s\000\040\000s\000u\000\040\000p\000r\000i\000n\000c\000i\000p\000a\000l\000\040\000o\000b\000j\000e\000t\000i\000v\000o\000?}{section.1}% 2
\BOOKMARK [2][-]{subsection.1.2}{\376\377\000E\000t\000a\000p\000a\000s\000\040\000d\000e\000l\000\040\000F\000l\000u\000j\000o\000\040\000d\000e\000\040\000D\000i\000s\000e\000\361\000o\000\040\000q\000u\000e\000\040\000C\000u\000b\000r\000e\000\040\000O\000p\000e\000n\000R\000O\000A\000D}{section.1}% 3
\BOOKMARK [2][-]{subsection.1.3}{\376\377\000\277\000P\000o\000r\000\040\000q\000u\000\351\000\040\000e\000s\000\040\000t\000a\000n\000\040\000i\000m\000p\000o\000r\000t\000a\000n\000t\000e\000?}{section.1}% 4
\BOOKMARK [1][-]{section.2}{\376\377\000P\000r\000i\000m\000e\000r\000o\000s\000\040\000P\000a\000s\000o\000s\000\040\000c\000o\000n\000\040\000O\000p\000e\000n\000R\000O\000A\000D}{}% 5
\BOOKMARK [2][-]{subsection.2.1}{\376\377\000P\000a\000s\000o\000\040\0001\000:\000\040\000P\000r\000e\000r\000r\000e\000q\000u\000i\000s\000i\000t\000o\000s}{section.2}% 6
\BOOKMARK [2][-]{subsection.2.2}{\376\377\000P\000a\000s\000o\000\040\0002\000:\000\040\000P\000r\000e\000p\000a\000r\000a\000r\000\040\000e\000l\000\040\000E\000n\000t\000o\000r\000n\000o\000\040\000y\000\040\000e\000l\000\040\000D\000i\000s\000e\000\361\000o}{section.2}% 7
\BOOKMARK [3][-]{subsubsection.2.2.1}{\376\377\000A\000r\000c\000h\000i\000v\000o\000\040\000d\000e\000\040\000d\000i\000s\000e\000\361\000o\000\040\000V\000e\000r\000i\000l\000o\000g\000\040\000\050\000i\000n\000v\000e\000r\000s\000o\000r\000.\000v\000\051}{subsection.2.2}% 8
\BOOKMARK [3][-]{subsubsection.2.2.2}{\376\377\000A\000r\000c\000h\000i\000v\000o\000\040\000d\000e\000\040\000r\000e\000s\000t\000r\000i\000c\000c\000i\000o\000n\000e\000s\000\040\000d\000e\000\040\000d\000i\000s\000e\000\361\000o\000\040\000\050\000c\000o\000n\000s\000t\000r\000a\000i\000n\000t\000s\000.\000s\000d\000c\000\051}{subsection.2.2}% 9
\BOOKMARK [3][-]{subsubsection.2.2.3}{\376\377\000A\000r\000c\000h\000i\000v\000o\000\040\000d\000e\000\040\000c\000o\000n\000f\000i\000g\000u\000r\000a\000c\000i\000\363\000n\000\040\000\050\000c\000o\000n\000f\000i\000g\000.\000t\000c\000l\000\051}{subsection.2.2}% 10
\BOOKMARK [2][-]{subsection.2.3}{\376\377\000P\000a\000s\000o\000\040\0003\000:\000\040\000E\000j\000e\000c\000u\000t\000a\000r\000\040\000e\000l\000\040\000F\000l\000u\000j\000o\000\040\000d\000e\000\040\000O\000p\000e\000n\000R\000O\000A\000D}{section.2}% 11
\BOOKMARK [2][-]{subsection.2.4}{\376\377\000P\000a\000s\000o\000\040\0004\000:\000\040\000R\000e\000v\000i\000s\000a\000r\000\040\000l\000o\000s\000\040\000R\000e\000s\000u\000l\000t\000a\000d\000o\000s}{section.2}% 12
\BOOKMARK [1][-]{section.3}{\376\377\000D\000i\000f\000e\000r\000e\000n\000c\000i\000a\000s\000\040\000e\000n\000t\000r\000e\000\040\000L\000E\000F\000,\000\040\000D\000E\000F\000\040\000y\000\040\000G\000D\000S}{}% 13
\BOOKMARK [2][-]{subsection.3.1}{\376\377\000L\000E\000F\000\040\000\050\000L\000i\000b\000r\000a\000r\000y\000\040\000E\000x\000c\000h\000a\000n\000g\000e\000\040\000F\000o\000r\000m\000a\000t\000\051\000\040\000-\000\040\000L\000a\000\040\000'\000L\000i\000b\000r\000e\000r\000\355\000a\000\040\000d\000e\000\040\000C\000o\000m\000p\000o\000n\000e\000n\000t\000e\000s\000'}{section.3}% 14
\BOOKMARK [2][-]{subsection.3.2}{\376\377\000D\000E\000F\000\040\000\050\000D\000e\000s\000i\000g\000n\000\040\000E\000x\000c\000h\000a\000n\000g\000e\000\040\000F\000o\000r\000m\000a\000t\000\051\000\040\000-\000\040\000E\000l\000\040\000'\000P\000l\000a\000n\000o\000\040\000d\000e\000\040\000C\000o\000l\000o\000c\000a\000c\000i\000\363\000n\000\040\000y\000\040\000C\000a\000b\000l\000e\000a\000d\000o\000'}{section.3}% 15
\BOOKMARK [2][-]{subsection.3.3}{\376\377\000G\000D\000S\000I\000I\000\040\000\050\000G\000r\000a\000p\000h\000i\000c\000\040\000D\000a\000t\000a\000\040\000S\000y\000s\000t\000e\000m\000\051\000\040\000-\000\040\000E\000l\000\040\000'\000A\000r\000c\000h\000i\000v\000o\000\040\000p\000a\000r\000a\000\040\000F\000a\000b\000r\000i\000c\000a\000c\000i\000\363\000n\000'}{section.3}% 16
\BOOKMARK [2][-]{subsection.3.4}{\376\377\000R\000e\000s\000u\000m\000e\000n\000\040\000C\000o\000m\000p\000a\000r\000a\000t\000i\000v\000o}{section.3}% 17
\BOOKMARK [1][-]{section.4}{\376\377\000H\000e\000r\000r\000a\000m\000i\000e\000n\000t\000a\000s\000\040\000d\000e\000\040\000V\000i\000s\000u\000a\000l\000i\000z\000a\000c\000i\000\363\000n}{}% 18
\BOOKMARK [1][-]{section.5}{\376\377\000S\000c\000r\000i\000p\000t\000s\000\040\000d\000e\000\040\000A\000n\000\341\000l\000i\000s\000i\000s\000\040\000c\000o\000n\000\040\000K\000L\000a\000y\000o\000u\000t}{}% 19
\BOOKMARK [1][-]{section.6}{\376\377\000B\000i\000b\000l\000i\000o\000g\000r\000a\000f\000\355\000a\000\040\000y\000\040\000A\000p\000r\000e\000n\000d\000i\000z\000a\000j\000e}{}% 20
\BOOKMARK [2][-]{subsection.6.1}{\376\377\000C\000o\000n\000o\000c\000i\000m\000i\000e\000n\000t\000o\000s\000\040\000P\000r\000e\000v\000i\000o\000s\000\040\000F\000u\000n\000d\000a\000m\000e\000n\000t\000a\000l\000e\000s}{section.6}% 21
\BOOKMARK [2][-]{subsection.6.2}{\376\377\000R\000e\000c\000u\000r\000s\000o\000s\000\040\000D\000i\000r\000e\000c\000t\000o\000s\000\040\000p\000a\000r\000a\000\040\000A\000p\000r\000e\000n\000d\000e\000r\000\040\000O\000p\000e\000n\000R\000O\000A\000D}{section.6}% 22
\BOOKMARK [1][-]{section.7}{\376\377\000D\000e\000\040\000l\000o\000\040\000A\000n\000a\000l\000\363\000g\000i\000c\000o\000\040\000a\000\040\000l\000o\000\040\000D\000i\000g\000i\000t\000a\000l}{}% 23
\BOOKMARK [2][-]{subsection.7.1}{\376\377\000E\000n\000f\000o\000q\000u\000e\000\040\0001\000:\000\040\000M\000o\000d\000e\000l\000a\000r\000\040\000e\000l\000\040\000C\000o\000m\000p\000o\000r\000t\000a\000m\000i\000e\000n\000t\000o\000\040\000\050\000E\000l\000\040\000E\000n\000f\000o\000q\000u\000e\000\040\000d\000e\000l\000\040\000'\000D\000a\000t\000a\000p\000a\000t\000h\000'\000\051}{section.7}% 24
\BOOKMARK [2][-]{subsection.7.2}{\376\377\000E\000n\000f\000o\000q\000u\000e\000\040\0002\000:\000\040\000A\000b\000s\000t\000r\000a\000e\000r\000\040\000a\000\040\000u\000n\000\040\000N\000i\000v\000e\000l\000\040\000L\000\363\000g\000i\000c\000o\000\040\000\050\000E\000l\000\040\000E\000n\000f\000o\000q\000u\000e\000\040\000d\000e\000l\000\040\000'\000C\000o\000m\000p\000a\000r\000a\000d\000o\000r\000'\000\051}{section.7}% 25
\BOOKMARK [1][-]{section.8}{\376\377\000F\000u\000n\000d\000a\000m\000e\000n\000t\000o\000s\000\040\000d\000e\000l\000\040\000D\000i\000s\000e\000\361\000o\000\040\000D\000i\000g\000i\000t\000a\000l}{}% 26
\BOOKMARK [1][-]{section.9}{\376\377\000E\000l\000\040\000E\000c\000o\000s\000i\000s\000t\000e\000m\000a\000\040\000A\000b\000i\000e\000r\000t\000o\000:\000\040\000R\000I\000S\000C\000-\000V\000\040\000y\000\040\000O\000p\000e\000n\000R\000O\000A\000D}{}% 27
\BOOKMARK [2][-]{subsection.9.1}{\376\377\000\277\000Q\000u\000\351\000\040\000e\000s\000\040\000R\000I\000S\000C\000-\000V\000?}{section.9}% 28
\BOOKMARK [2][-]{subsection.9.2}{\376\377\000L\000a\000\040\000S\000i\000n\000e\000r\000g\000i\000a\000\040\000P\000e\000r\000f\000e\000c\000t\000a\000:\000\040\000R\000I\000S\000C\000-\000V\000\040\000+\000\040\000O\000p\000e\000n\000R\000O\000A\000D}{section.9}% 29
\BOOKMARK [2][-]{subsection.9.3}{\376\377\000\277\000C\000\363\000m\000o\000\040\000s\000e\000\040\000v\000e\000\040\000e\000n\000\040\000l\000a\000\040\000p\000r\000\341\000c\000t\000i\000c\000a\000?}{section.9}% 30
\BOOKMARK [1][-]{section.10}{\376\377\000E\000l\000\040\000O\000b\000j\000e\000t\000i\000v\000o\000\040\000F\000i\000n\000a\000l\000:\000\040\000S\000y\000s\000t\000e\000m\000-\000o\000n\000-\000C\000h\000i\000p\000\040\000\050\000S\000o\000C\000\051}{}% 31
\BOOKMARK [2][-]{subsection.10.1}{\376\377\000\277\000Q\000u\000\351\000\040\000e\000s\000\040\000u\000n\000\040\000S\000o\000C\000?}{section.10}% 32
\BOOKMARK [2][-]{subsection.10.2}{\376\377\000C\000o\000m\000p\000o\000n\000e\000n\000t\000e\000s\000\040\000T\000\355\000p\000i\000c\000o\000s\000\040\000d\000e\000\040\000u\000n\000\040\000S\000o\000C}{section.10}% 33
\BOOKMARK [1][-]{section.11}{\376\377\000E\000s\000t\000r\000u\000c\000t\000u\000r\000a\000\040\000d\000e\000\040\000u\000n\000\040\000P\000r\000o\000y\000e\000c\000t\000o\000\040\000d\000e\000\040\000S\000o\000C\000\040\000c\000o\000n\000\040\000R\000I\000S\000C\000-\000V}{}% 34
\BOOKMARK [2][-]{subsection.11.1}{\376\377\000E\000s\000t\000r\000u\000c\000t\000u\000r\000a\000\040\000d\000e\000\040\000A\000r\000c\000h\000i\000v\000o\000s\000\040\000d\000e\000l\000\040\000P\000r\000o\000y\000e\000c\000t\000o\000\040\000m\000i\000\137\000s\000o\000c\000\137\000r\000i\000s\000c\000v}{section.11}% 35
\BOOKMARK [2][-]{subsection.11.2}{\376\377\000E\000x\000p\000l\000i\000c\000a\000c\000i\000\363\000n\000\040\000d\000e\000\040\000c\000a\000d\000a\000\040\000D\000i\000r\000e\000c\000t\000o\000r\000i\000o}{section.11}% 36
\BOOKMARK [1][-]{section.12}{\376\377\000L\000a\000\040\000I\000n\000t\000e\000r\000c\000o\000n\000e\000x\000i\000\363\000n\000\040\000d\000e\000l\000\040\000S\000o\000C\000:\000\040\000E\000l\000\040\000B\000u\000s\000\040\000A\000M\000B\000A}{}% 37
\BOOKMARK [2][-]{subsection.12.1}{\376\377\000\277\000Q\000u\000\351\000\040\000e\000s\000\040\000A\000M\000B\000A\000?}{section.12}% 38
\BOOKMARK [2][-]{subsection.12.2}{\376\377\000A\000P\000B\000\040\000\050\000A\000d\000v\000a\000n\000c\000e\000d\000\040\000P\000e\000r\000i\000p\000h\000e\000r\000a\000l\000\040\000B\000u\000s\000\051\000\040\000-\000\040\000L\000a\000\040\000'\000C\000a\000l\000l\000e\000\040\000R\000e\000s\000i\000d\000e\000n\000c\000i\000a\000l\000'}{section.12}% 39
\BOOKMARK [2][-]{subsection.12.3}{\376\377\000A\000H\000B\000\040\000\050\000A\000d\000v\000a\000n\000c\000e\000d\000\040\000H\000i\000g\000h\000-\000p\000e\000r\000f\000o\000r\000m\000a\000n\000c\000e\000\040\000B\000u\000s\000\051\000\040\000-\000\040\000L\000a\000\040\000'\000A\000v\000e\000n\000i\000d\000a\000\040\000P\000r\000i\000n\000c\000i\000p\000a\000l\000'}{section.12}% 40
\BOOKMARK [2][-]{subsection.12.4}{\376\377\000A\000X\000I\000\040\000\050\000A\000d\000v\000a\000n\000c\000e\000d\000\040\000e\000X\000t\000e\000n\000s\000i\000b\000l\000e\000\040\000I\000n\000t\000e\000r\000f\000a\000c\000e\000\051\000\040\000-\000\040\000L\000a\000\040\000'\000A\000u\000t\000o\000p\000i\000s\000t\000a\000\040\000d\000e\000\040\000A\000l\000t\000a\000\040\000V\000e\000l\000o\000c\000i\000d\000a\000d\000'}{section.12}% 41
\BOOKMARK [2][-]{subsection.12.5}{\376\377\000A\000r\000q\000u\000i\000t\000e\000c\000t\000u\000r\000a\000\040\000J\000e\000r\000\341\000r\000q\000u\000i\000c\000a\000\040\000y\000\040\000P\000u\000e\000n\000t\000e\000s\000\040\000\050\000B\000r\000i\000d\000g\000e\000s\000\051}{section.12}% 42
\BOOKMARK [1][-]{section.13}{\376\377\000E\000j\000e\000m\000p\000l\000o\000\040\000d\000e\000\040\000C\000\363\000d\000i\000g\000o\000\040\000V\000e\000r\000i\000l\000o\000g\000:\000\040\000s\000o\000c\000\137\000t\000o\000p\000.\000v\000\040\000y\000\040\000i\000n\000t\000e\000r\000c\000o\000n\000n\000e\000c\000t\000.\000v}{}% 43
\BOOKMARK [2][-]{subsection.13.1}{\376\377\000P\000r\000e\000r\000r\000e\000q\000u\000i\000s\000i\000t\000o\000:\000\040\000E\000l\000\040\000M\000a\000p\000a\000\040\000d\000e\000\040\000M\000e\000m\000o\000r\000i\000a}{section.13}% 44
\BOOKMARK [2][-]{subsection.13.2}{\376\377\0001\000.\000\040\000i\000n\000t\000e\000r\000c\000o\000n\000n\000e\000c\000t\000.\000v\000\040\000-\000\040\000E\000l\000\040\000D\000e\000c\000o\000d\000i\000f\000i\000c\000a\000d\000o\000r\000\040\000d\000e\000\040\000D\000i\000r\000e\000c\000c\000i\000o\000n\000e\000s}{section.13}% 45
\BOOKMARK [2][-]{subsection.13.3}{\376\377\0002\000.\000\040\000s\000o\000c\000\137\000t\000o\000p\000.\000v\000\040\000-\000\040\000E\000l\000\040\000E\000n\000s\000a\000m\000b\000l\000a\000j\000e\000\040\000F\000i\000n\000a\000l}{section.13}% 46
\BOOKMARK [1][-]{section.14}{\376\377\000O\000p\000t\000i\000m\000i\000z\000a\000n\000d\000o\000\040\000e\000l\000\040\000F\000l\000u\000j\000o\000\040\000d\000e\000\040\000D\000a\000t\000o\000s\000:\000\040\000E\000l\000\040\000C\000o\000n\000t\000r\000o\000l\000a\000d\000o\000r\000\040\000D\000M\000A}{}% 47
\BOOKMARK [2][-]{subsection.14.1}{\376\377\000\277\000Q\000u\000\351\000\040\000e\000s\000\040\000u\000n\000\040\000C\000o\000n\000t\000r\000o\000l\000a\000d\000o\000r\000\040\000D\000M\000A\000?}{section.14}% 48
\BOOKMARK [2][-]{subsection.14.2}{\376\377\000E\000l\000\040\000P\000r\000o\000b\000l\000e\000m\000a\000:\000\040\000L\000a\000\040\000C\000P\000U\000\040\000c\000o\000m\000o\000\040\000C\000u\000e\000l\000l\000o\000\040\000d\000e\000\040\000B\000o\000t\000e\000l\000l\000a}{section.14}% 49
\BOOKMARK [2][-]{subsection.14.3}{\376\377\000L\000a\000\040\000S\000o\000l\000u\000c\000i\000\363\000n\000:\000\040\000D\000e\000l\000e\000g\000a\000r\000\040\000e\000n\000\040\000e\000l\000\040\000E\000s\000p\000e\000c\000i\000a\000l\000i\000s\000t\000a\000\040\000\050\000D\000M\000A\000\051}{section.14}% 50
\BOOKMARK [2][-]{subsection.14.4}{\376\377\000E\000l\000\040\000P\000a\000p\000e\000l\000\040\000q\000u\000e\000\040\000J\000u\000e\000g\000a\000\040\000e\000n\000\040\000u\000n\000\040\000S\000o\000C}{section.14}% 51
\BOOKMARK [2][-]{subsection.14.5}{\376\377\000A\000n\000a\000l\000o\000g\000\355\000a\000\040\000F\000i\000n\000a\000l}{section.14}% 52
\BOOKMARK [1][-]{section.15}{\376\377\000V\000e\000r\000i\000f\000i\000c\000a\000c\000i\000\363\000n\000\040\000F\000u\000n\000c\000i\000o\000n\000a\000l\000:\000\040\000E\000l\000\040\000B\000a\000n\000c\000o\000\040\000d\000e\000\040\000P\000r\000u\000e\000b\000a\000s\000\040\000\050\000T\000e\000s\000t\000b\000e\000n\000c\000h\000\051}{}% 53
\BOOKMARK [2][-]{subsection.15.1}{\376\377\000\277\000Q\000u\000\351\000\040\000e\000s\000\040\000u\000n\000\040\000T\000e\000s\000t\000b\000e\000n\000c\000h\000?}{section.15}% 54
\BOOKMARK [2][-]{subsection.15.2}{\376\377\000t\000b\000\137\000s\000o\000c\000\137\000t\000o\000p\000.\000v\000\040\000-\000\040\000E\000l\000\040\000B\000a\000n\000c\000o\000\040\000d\000e\000\040\000P\000r\000u\000e\000b\000a\000s\000\040\000p\000a\000r\000a\000\040\000N\000u\000e\000s\000t\000r\000o\000\040\000S\000o\000C}{section.15}% 55
\BOOKMARK [1][-]{section.16}{\376\377\000L\000a\000\040\000C\000o\000m\000u\000n\000i\000c\000a\000c\000i\000\363\000n\000\040\000A\000s\000\355\000n\000c\000r\000o\000n\000a\000:\000\040\000I\000n\000t\000e\000r\000r\000u\000p\000c\000i\000o\000n\000e\000s}{}% 56
\BOOKMARK [2][-]{subsection.16.1}{\376\377\000\277\000Q\000u\000\351\000\040\000e\000s\000\040\000u\000n\000a\000\040\000I\000n\000t\000e\000r\000r\000u\000p\000c\000i\000\363\000n\000?}{section.16}% 57
\BOOKMARK [2][-]{subsection.16.2}{\376\377\000E\000l\000\040\000F\000l\000u\000j\000o\000\040\000d\000e\000\040\000u\000n\000a\000\040\000I\000n\000t\000e\000r\000r\000u\000p\000c\000i\000\363\000n}{section.16}% 58
\BOOKMARK [2][-]{subsection.16.3}{\376\377\000I\000n\000t\000e\000r\000r\000u\000p\000c\000i\000o\000n\000e\000s\000\040\000e\000n\000\040\000e\000l\000\040\000E\000c\000o\000s\000i\000s\000t\000e\000m\000a\000\040\000R\000I\000S\000C\000-\000V}{section.16}% 59
\BOOKMARK [1][-]{section.17}{\376\377\000E\000l\000\040\000P\000u\000e\000n\000t\000e\000\040\000a\000\040\000l\000a\000\040\000R\000e\000a\000l\000i\000d\000a\000d\000\040\000F\000\355\000s\000i\000c\000a\000:\000\040\000E\000l\000\040\000P\000D\000K}{}% 60
\BOOKMARK [2][-]{subsection.17.1}{\376\377\000\277\000Q\000u\000\351\000\040\000e\000s\000\040\000u\000n\000\040\000P\000D\000K\000?}{section.17}% 61
\BOOKMARK [2][-]{subsection.17.2}{\376\377\000C\000o\000m\000p\000o\000n\000e\000n\000t\000e\000s\000\040\000C\000l\000a\000v\000e\000\040\000d\000e\000\040\000u\000n\000\040\000P\000D\000K}{section.17}% 62
\BOOKMARK [2][-]{subsection.17.3}{\376\377\000E\000l\000\040\000R\000o\000l\000\040\000d\000e\000l\000\040\000P\000D\000K\000\040\000e\000n\000\040\000O\000p\000e\000n\000R\000O\000A\000D}{section.17}% 63
\BOOKMARK [1][-]{section.18}{\376\377\000E\000l\000\040\000G\000r\000a\000n\000\040\000D\000e\000s\000a\000f\000\355\000o\000:\000\040\000T\000i\000m\000i\000n\000g\000\040\000C\000l\000o\000s\000u\000r\000e}{}% 64
\BOOKMARK [2][-]{subsection.18.1}{\376\377\000\277\000Q\000u\000\351\000\040\000e\000s\000\040\000e\000l\000\040\000'\000T\000i\000m\000i\000n\000g\000\040\000C\000l\000o\000s\000u\000r\000e\000'\000?}{section.18}% 65
\BOOKMARK [2][-]{subsection.18.2}{\376\377\000\277\000P\000o\000r\000\040\000Q\000u\000\351\000\040\000e\000s\000\040\000u\000n\000o\000\040\000d\000e\000\040\000l\000o\000s\000\040\000M\000a\000y\000o\000r\000e\000s\000\040\000D\000e\000s\000a\000f\000\355\000o\000s\000?}{section.18}% 66
\BOOKMARK [1][-]{section.19}{\376\377\000H\000o\000j\000a\000\040\000d\000e\000\040\000R\000u\000t\000a\000\040\000d\000e\000l\000\040\000P\000r\000o\000y\000e\000c\000t\000o\000:\000\040\000D\000e\000\040\000u\000n\000\040\000S\000o\000C\000\040\000a\000\040\000u\000n\000\040\000S\000i\000s\000t\000e\000m\000a\000\040\000P\000a\000r\000a\000l\000e\000l\000o}{}% 67
\BOOKMARK [2][-]{subsection.19.1}{\376\377\000F\000a\000s\000e\000\040\0001\000:\000\040\000D\000i\000s\000e\000\361\000o\000\040\000y\000\040\000F\000a\000b\000r\000i\000c\000a\000c\000i\000\363\000n\000\040\000d\000e\000\040\000u\000n\000\040\000S\000o\000C\000\040\000R\000I\000S\000C\000-\000V\000\040\000A\000u\000t\000\363\000n\000o\000m\000o}{section.19}% 68
\BOOKMARK [2][-]{subsection.19.2}{\376\377\000F\000a\000s\000e\000\040\0002\000:\000\040\000M\000o\000d\000i\000f\000i\000c\000a\000c\000i\000\363\000n\000\040\000p\000a\000r\000a\000\040\000T\000r\000a\000b\000a\000j\000o\000\040\000e\000n\000\040\000P\000a\000r\000a\000l\000e\000l\000o}{section.19}% 69
\BOOKMARK [1][-]{section.20}{\376\377\000E\000s\000t\000r\000u\000c\000t\000u\000r\000a\000\040\000d\000e\000\040\000u\000n\000a\000\040\000P\000r\000o\000p\000u\000e\000s\000t\000a\000\040\000d\000e\000\040\000F\000i\000n\000a\000n\000c\000i\000a\000m\000i\000e\000n\000t\000o}{}% 70
\BOOKMARK [2][-]{subsection.20.1}{\376\377\000E\000s\000t\000r\000u\000c\000t\000u\000r\000a\000\040\000S\000u\000g\000e\000r\000i\000d\000a\000\040\000p\000a\000r\000a\000\040\000l\000a\000\040\000P\000r\000o\000p\000u\000e\000s\000t\000a}{section.20}% 71
